--------------------------------------------------------------------------------------
Timing Analyzer Summary
--------------------------------------------------------------------------------------

Type           : Worst-case tsu
Slack          : N/A
Required Time  : None
Actual Time    : 5.847 ns
From           : rst_i
To             : usimplez_cpu:cpu|cd_reg_s[8]
From Clock     : --
To Clock       : clk_i
Failed Paths   : 0

Type           : Worst-case tco
Slack          : N/A
Required Time  : None
Actual Time    : 7.162 ns
From           : usimplez_cpu:cpu|Op0_o
To             : op0_o
From Clock     : clk_i
To Clock       : --
Failed Paths   : 0

Type           : Worst-case th
Slack          : N/A
Required Time  : None
Actual Time    : -2.805 ns
From           : rst_i
To             : usimplez_cpu:cpu|estado.In1
From Clock     : --
To Clock       : clk_i
Failed Paths   : 0

Type           : Clock Setup: 'clk_i'
Slack          : N/A
Required Time  : None
Actual Time    : 130.28 MHz ( period = 7.676 ns )
From           : usimplez_ram:ram|altsyncram:ram_rtl_0|altsyncram_im61:auto_generated|ram_block1a0~porta_address_reg8
To             : usimplez_cpu:cpu|acumulador[11]
From Clock     : clk_i
To Clock       : clk_i
Failed Paths   : 0

Type           : Total number of failed paths
Slack          : 
Required Time  : 
Actual Time    : 
From           : 
To             : 
From Clock     : 
To Clock       : 
Failed Paths   : 0

--------------------------------------------------------------------------------------

